{
  "version": "1.0",
  "plugins": {
    "Base64 High Entropy String": [],
    "Hex High Entropy String": [],
    "Private Key": [],
    "AWS Access Key": [],
    "AWS Secret Key": [],
    "Slack Token": [],
    "GitHub Token": [],
    "GitLab Token": [],
    "NPM Token": [],
    "PyPI Token": []
  },
  "results": {},
  "generated_at": "2026-03-14T11:40:00Z",
  "project_url": "https://github.com/caidongyun/agent-security-skill-scanner"
}
